Analysis & Synthesis report for sdram_controller
Tue Apr 17 11:38:09 2018
Quartus Prime Version 17.1.0 Build 590 10/25/2017 SJ Lite Edition


---------------------
; Table of Contents ;
---------------------
  1. Legal Notice
  2. Analysis & Synthesis Summary
  3. Analysis & Synthesis Settings
  4. Parallel Compilation
  5. Analysis & Synthesis Source Files Read
  6. Analysis & Synthesis Resource Usage Summary
  7. Analysis & Synthesis Resource Utilization by Entity
  8. State Machine - |sdram_controller|cmd_d
  9. State Machine - |sdram_controller|p_s
 10. User-Specified and Inferred Latches
 11. Registers Removed During Synthesis
 12. Removed Registers Triggering Further Register Optimizations
 13. General Register Statistics
 14. Multiplexer Restructuring Statistics (Restructuring Performed)
 15. Post-Synthesis Netlist Statistics for Top Partition
 16. Elapsed Time Per Partition
 17. Analysis & Synthesis Messages



----------------
; Legal Notice ;
----------------
Copyright (C) 2017  Intel Corporation. All rights reserved.
Your use of Intel Corporation's design tools, logic functions 
and other software and tools, and its AMPP partner logic 
functions, and any output files from any of the foregoing 
(including device programming or simulation files), and any 
associated documentation or information are expressly subject 
to the terms and conditions of the Intel Program License 
Subscription Agreement, the Intel Quartus Prime License Agreement,
the Intel FPGA IP License Agreement, or other applicable license
agreement, including, without limitation, that your use is for
the sole purpose of programming logic devices manufactured by
Intel and sold by Intel or its authorized distributors.  Please
refer to the applicable agreement for further details.



+----------------------------------------------------------------------------------+
; Analysis & Synthesis Summary                                                     ;
+------------------------------------+---------------------------------------------+
; Analysis & Synthesis Status        ; Successful - Tue Apr 17 11:38:09 2018       ;
; Quartus Prime Version              ; 17.1.0 Build 590 10/25/2017 SJ Lite Edition ;
; Revision Name                      ; sdram_controller                            ;
; Top-level Entity Name              ; sdram_controller                            ;
; Family                             ; Cyclone IV E                                ;
; Total logic elements               ; 93                                          ;
;     Total combinational functions  ; 92                                          ;
;     Dedicated logic registers      ; 49                                          ;
; Total registers                    ; 49                                          ;
; Total pins                         ; 99                                          ;
; Total virtual pins                 ; 0                                           ;
; Total memory bits                  ; 0                                           ;
; Embedded Multiplier 9-bit elements ; 0                                           ;
; Total PLLs                         ; 0                                           ;
+------------------------------------+---------------------------------------------+


+----------------------------------------------------------------------------------------------------------------------+
; Analysis & Synthesis Settings                                                                                        ;
+----------------------------------------------------------------------------+--------------------+--------------------+
; Option                                                                     ; Setting            ; Default Value      ;
+----------------------------------------------------------------------------+--------------------+--------------------+
; Device                                                                     ; EP4CE22F17C6       ;                    ;
; Top-level entity name                                                      ; sdram_controller   ; sdram_controller   ;
; Family name                                                                ; Cyclone IV E       ; Cyclone V          ;
; Use smart compilation                                                      ; Off                ; Off                ;
; Enable parallel Assembler and TimeQuest Timing Analyzer during compilation ; On                 ; On                 ;
; Enable compact report table                                                ; Off                ; Off                ;
; Restructure Multiplexers                                                   ; Auto               ; Auto               ;
; Create Debugging Nodes for IP Cores                                        ; Off                ; Off                ;
; Preserve fewer node names                                                  ; On                 ; On                 ;
; Intel FPGA IP Evaluation Mode                                              ; Enable             ; Enable             ;
; Verilog Version                                                            ; Verilog_2001       ; Verilog_2001       ;
; VHDL Version                                                               ; VHDL_1993          ; VHDL_1993          ;
; State Machine Processing                                                   ; Auto               ; Auto               ;
; Safe State Machine                                                         ; Off                ; Off                ;
; Extract Verilog State Machines                                             ; On                 ; On                 ;
; Extract VHDL State Machines                                                ; On                 ; On                 ;
; Ignore Verilog initial constructs                                          ; Off                ; Off                ;
; Iteration limit for constant Verilog loops                                 ; 5000               ; 5000               ;
; Iteration limit for non-constant Verilog loops                             ; 250                ; 250                ;
; Add Pass-Through Logic to Inferred RAMs                                    ; On                 ; On                 ;
; Infer RAMs from Raw Logic                                                  ; On                 ; On                 ;
; Parallel Synthesis                                                         ; On                 ; On                 ;
; DSP Block Balancing                                                        ; Auto               ; Auto               ;
; NOT Gate Push-Back                                                         ; On                 ; On                 ;
; Power-Up Don't Care                                                        ; On                 ; On                 ;
; Remove Redundant Logic Cells                                               ; Off                ; Off                ;
; Remove Duplicate Registers                                                 ; On                 ; On                 ;
; Ignore CARRY Buffers                                                       ; Off                ; Off                ;
; Ignore CASCADE Buffers                                                     ; Off                ; Off                ;
; Ignore GLOBAL Buffers                                                      ; Off                ; Off                ;
; Ignore ROW GLOBAL Buffers                                                  ; Off                ; Off                ;
; Ignore LCELL Buffers                                                       ; Off                ; Off                ;
; Ignore SOFT Buffers                                                        ; On                 ; On                 ;
; Limit AHDL Integers to 32 Bits                                             ; Off                ; Off                ;
; Optimization Technique                                                     ; Balanced           ; Balanced           ;
; Carry Chain Length                                                         ; 70                 ; 70                 ;
; Auto Carry Chains                                                          ; On                 ; On                 ;
; Auto Open-Drain Pins                                                       ; On                 ; On                 ;
; Perform WYSIWYG Primitive Resynthesis                                      ; Off                ; Off                ;
; Auto ROM Replacement                                                       ; On                 ; On                 ;
; Auto RAM Replacement                                                       ; On                 ; On                 ;
; Auto DSP Block Replacement                                                 ; On                 ; On                 ;
; Auto Shift Register Replacement                                            ; Auto               ; Auto               ;
; Allow Shift Register Merging across Hierarchies                            ; Auto               ; Auto               ;
; Auto Clock Enable Replacement                                              ; On                 ; On                 ;
; Strict RAM Replacement                                                     ; Off                ; Off                ;
; Allow Synchronous Control Signals                                          ; On                 ; On                 ;
; Force Use of Synchronous Clear Signals                                     ; Off                ; Off                ;
; Auto RAM Block Balancing                                                   ; On                 ; On                 ;
; Auto RAM to Logic Cell Conversion                                          ; Off                ; Off                ;
; Auto Resource Sharing                                                      ; Off                ; Off                ;
; Allow Any RAM Size For Recognition                                         ; Off                ; Off                ;
; Allow Any ROM Size For Recognition                                         ; Off                ; Off                ;
; Allow Any Shift Register Size For Recognition                              ; Off                ; Off                ;
; Use LogicLock Constraints during Resource Balancing                        ; On                 ; On                 ;
; Ignore translate_off and synthesis_off directives                          ; Off                ; Off                ;
; Timing-Driven Synthesis                                                    ; On                 ; On                 ;
; Report Parameter Settings                                                  ; On                 ; On                 ;
; Report Source Assignments                                                  ; On                 ; On                 ;
; Report Connectivity Checks                                                 ; On                 ; On                 ;
; Ignore Maximum Fan-Out Assignments                                         ; Off                ; Off                ;
; Synchronization Register Chain Length                                      ; 2                  ; 2                  ;
; Power Optimization During Synthesis                                        ; Normal compilation ; Normal compilation ;
; HDL message level                                                          ; Level2             ; Level2             ;
; Suppress Register Optimization Related Messages                            ; Off                ; Off                ;
; Number of Removed Registers Reported in Synthesis Report                   ; 5000               ; 5000               ;
; Number of Swept Nodes Reported in Synthesis Report                         ; 5000               ; 5000               ;
; Number of Inverted Registers Reported in Synthesis Report                  ; 100                ; 100                ;
; Clock MUX Protection                                                       ; On                 ; On                 ;
; Auto Gated Clock Conversion                                                ; Off                ; Off                ;
; Block Design Naming                                                        ; Auto               ; Auto               ;
; SDC constraint protection                                                  ; Off                ; Off                ;
; Synthesis Effort                                                           ; Auto               ; Auto               ;
; Shift Register Replacement - Allow Asynchronous Clear Signal               ; On                 ; On                 ;
; Pre-Mapping Resynthesis Optimization                                       ; Off                ; Off                ;
; Analysis & Synthesis Message Level                                         ; Medium             ; Medium             ;
; Disable Register Merging Across Hierarchies                                ; Auto               ; Auto               ;
; Resource Aware Inference For Block RAM                                     ; On                 ; On                 ;
+----------------------------------------------------------------------------+--------------------+--------------------+


+------------------------------------------+
; Parallel Compilation                     ;
+----------------------------+-------------+
; Processors                 ; Number      ;
+----------------------------+-------------+
; Number detected on machine ; 8           ;
; Maximum allowed            ; 4           ;
;                            ;             ;
; Average used               ; 1.00        ;
; Maximum used               ; 4           ;
;                            ;             ;
; Usage by Processor         ; % Time Used ;
;     Processor 1            ; 100.0%      ;
;     Processor 2            ;   0.0%      ;
;     Processors 3-4         ;   0.0%      ;
+----------------------------+-------------+


+------------------------------------------------------------------------------------------------------------------------------------------------------------------+
; Analysis & Synthesis Source Files Read                                                                                                                           ;
+----------------------------------+-----------------+-----------------+---------------------------------------------------------------------------------+---------+
; File Name with User-Entered Path ; Used in Netlist ; File Type       ; File Name with Absolute Path                                                    ; Library ;
+----------------------------------+-----------------+-----------------+---------------------------------------------------------------------------------+---------+
; ../rtl/sdram_controller.vhd      ; yes             ; User VHDL File  ; /home/vineesh/Desktop/705_project/sdram_controller_git/rtl/sdram_controller.vhd ;         ;
+----------------------------------+-----------------+-----------------+---------------------------------------------------------------------------------+---------+


+---------------------------------------------------------+
; Analysis & Synthesis Resource Usage Summary             ;
+---------------------------------------------+-----------+
; Resource                                    ; Usage     ;
+---------------------------------------------+-----------+
; Estimated Total logic elements              ; 93        ;
;                                             ;           ;
; Total combinational functions               ; 92        ;
; Logic element usage by number of LUT inputs ;           ;
;     -- 4 input functions                    ; 36        ;
;     -- 3 input functions                    ; 30        ;
;     -- <=2 input functions                  ; 26        ;
;                                             ;           ;
; Logic elements by mode                      ;           ;
;     -- normal mode                          ; 77        ;
;     -- arithmetic mode                      ; 15        ;
;                                             ;           ;
; Total registers                             ; 49        ;
;     -- Dedicated logic registers            ; 49        ;
;     -- I/O registers                        ; 0         ;
;                                             ;           ;
; I/O pins                                    ; 99        ;
;                                             ;           ;
; Embedded Multiplier 9-bit elements          ; 0         ;
;                                             ;           ;
; Maximum fan-out node                        ; clk~input ;
; Maximum fan-out                             ; 49        ;
; Total fan-out                               ; 575       ;
; Average fan-out                             ; 1.62      ;
+---------------------------------------------+-----------+


+---------------------------------------------------------------------------------------------------------------------------------------------------------------------------------------------------------------+
; Analysis & Synthesis Resource Utilization by Entity                                                                                                                                                           ;
+----------------------------+---------------------+---------------------------+-------------+--------------+---------+-----------+------+--------------+---------------------+------------------+--------------+
; Compilation Hierarchy Node ; Combinational ALUTs ; Dedicated Logic Registers ; Memory Bits ; DSP Elements ; DSP 9x9 ; DSP 18x18 ; Pins ; Virtual Pins ; Full Hierarchy Name ; Entity Name      ; Library Name ;
+----------------------------+---------------------+---------------------------+-------------+--------------+---------+-----------+------+--------------+---------------------+------------------+--------------+
; |sdram_controller          ; 92 (92)             ; 49 (49)                   ; 0           ; 0            ; 0       ; 0         ; 99   ; 0            ; |sdram_controller   ; sdram_controller ; work         ;
+----------------------------+---------------------+---------------------------+-------------+--------------+---------+-----------+------+--------------+---------------------+------------------+--------------+
Note: For table entries with two numbers listed, the numbers in parentheses indicate the number of resources of the given type used by the specific entity alone. The numbers listed outside of parentheses indicate the total resources of the given type used by the specific entity and all of its sub-entities in the hierarchy.


Encoding Type:  One-Hot
+-----------------------------------------------------------------------------------------------------------------------------------------------------------------------------------------+
; State Machine - |sdram_controller|cmd_d                                                                                                                                                 ;
+--------------+-------------+-----------+------------+-----------+------------+-----------+-----------+--------------+--------------+-------------+-------------+-----------+------------+
; Name         ; cmd_d.idle1 ; cmd_d.mrs ; cmd_d.self ; cmd_d.ref ; cmd_d.pall ; cmd_d.pre ; cmd_d.act ; cmd_d.writea ; cmd_d.write1 ; cmd_d.reada ; cmd_d.read1 ; cmd_d.nop ; cmd_d.desl ;
+--------------+-------------+-----------+------------+-----------+------------+-----------+-----------+--------------+--------------+-------------+-------------+-----------+------------+
; cmd_d.desl   ; 0           ; 0         ; 0          ; 0         ; 0          ; 0         ; 0         ; 0            ; 0            ; 0           ; 0           ; 0         ; 0          ;
; cmd_d.nop    ; 0           ; 0         ; 0          ; 0         ; 0          ; 0         ; 0         ; 0            ; 0            ; 0           ; 0           ; 1         ; 1          ;
; cmd_d.read1  ; 0           ; 0         ; 0          ; 0         ; 0          ; 0         ; 0         ; 0            ; 0            ; 0           ; 1           ; 0         ; 1          ;
; cmd_d.reada  ; 0           ; 0         ; 0          ; 0         ; 0          ; 0         ; 0         ; 0            ; 0            ; 1           ; 0           ; 0         ; 1          ;
; cmd_d.write1 ; 0           ; 0         ; 0          ; 0         ; 0          ; 0         ; 0         ; 0            ; 1            ; 0           ; 0           ; 0         ; 1          ;
; cmd_d.writea ; 0           ; 0         ; 0          ; 0         ; 0          ; 0         ; 0         ; 1            ; 0            ; 0           ; 0           ; 0         ; 1          ;
; cmd_d.act    ; 0           ; 0         ; 0          ; 0         ; 0          ; 0         ; 1         ; 0            ; 0            ; 0           ; 0           ; 0         ; 1          ;
; cmd_d.pre    ; 0           ; 0         ; 0          ; 0         ; 0          ; 1         ; 0         ; 0            ; 0            ; 0           ; 0           ; 0         ; 1          ;
; cmd_d.pall   ; 0           ; 0         ; 0          ; 0         ; 1          ; 0         ; 0         ; 0            ; 0            ; 0           ; 0           ; 0         ; 1          ;
; cmd_d.ref    ; 0           ; 0         ; 0          ; 1         ; 0          ; 0         ; 0         ; 0            ; 0            ; 0           ; 0           ; 0         ; 1          ;
; cmd_d.self   ; 0           ; 0         ; 1          ; 0         ; 0          ; 0         ; 0         ; 0            ; 0            ; 0           ; 0           ; 0         ; 1          ;
; cmd_d.mrs    ; 0           ; 1         ; 0          ; 0         ; 0          ; 0         ; 0         ; 0            ; 0            ; 0           ; 0           ; 0         ; 1          ;
; cmd_d.idle1  ; 1           ; 0         ; 0          ; 0         ; 0          ; 0         ; 0         ; 0            ; 0            ; 0           ; 0           ; 0         ; 1          ;
+--------------+-------------+-----------+------------+-----------+------------+-----------+-----------+--------------+--------------+-------------+-------------+-----------+------------+


Encoding Type:  One-Hot
+-------------------------------------------------------------------------------------------------------------------------------------------------------------------------------------------------------------------------------------------------------------------------------------+
; State Machine - |sdram_controller|p_s                                                                                                                                                                                                                                               ;
+----------------+---------------+--------------+---------------+--------------+---------------+----------------+----------------+---------------+----------+---------------+--------------+---------------+-------------+---------------+---------------+---------------+------------+
; Name           ; p_s.read_nop2 ; p_s.read_cas ; p_s.read_nop1 ; p_s.read_act ; p_s.write_cas ; p_s.write_nop2 ; p_s.write_nop1 ; p_s.write_act ; p_s.idle ; p_s.init_nop4 ; p_s.init_msr ; p_s.init_nop3 ; p_s.init_ar ; p_s.init_nop2 ; p_s.init_pall ; p_s.init_nop1 ; p_s.init_s ;
+----------------+---------------+--------------+---------------+--------------+---------------+----------------+----------------+---------------+----------+---------------+--------------+---------------+-------------+---------------+---------------+---------------+------------+
; p_s.init_s     ; 0             ; 0            ; 0             ; 0            ; 0             ; 0              ; 0              ; 0             ; 0        ; 0             ; 0            ; 0             ; 0           ; 0             ; 0             ; 0             ; 0          ;
; p_s.init_nop1  ; 0             ; 0            ; 0             ; 0            ; 0             ; 0              ; 0              ; 0             ; 0        ; 0             ; 0            ; 0             ; 0           ; 0             ; 0             ; 1             ; 1          ;
; p_s.init_pall  ; 0             ; 0            ; 0             ; 0            ; 0             ; 0              ; 0              ; 0             ; 0        ; 0             ; 0            ; 0             ; 0           ; 0             ; 1             ; 0             ; 1          ;
; p_s.init_nop2  ; 0             ; 0            ; 0             ; 0            ; 0             ; 0              ; 0              ; 0             ; 0        ; 0             ; 0            ; 0             ; 0           ; 1             ; 0             ; 0             ; 1          ;
; p_s.init_ar    ; 0             ; 0            ; 0             ; 0            ; 0             ; 0              ; 0              ; 0             ; 0        ; 0             ; 0            ; 0             ; 1           ; 0             ; 0             ; 0             ; 1          ;
; p_s.init_nop3  ; 0             ; 0            ; 0             ; 0            ; 0             ; 0              ; 0              ; 0             ; 0        ; 0             ; 0            ; 1             ; 0           ; 0             ; 0             ; 0             ; 1          ;
; p_s.init_msr   ; 0             ; 0            ; 0             ; 0            ; 0             ; 0              ; 0              ; 0             ; 0        ; 0             ; 1            ; 0             ; 0           ; 0             ; 0             ; 0             ; 1          ;
; p_s.init_nop4  ; 0             ; 0            ; 0             ; 0            ; 0             ; 0              ; 0              ; 0             ; 0        ; 1             ; 0            ; 0             ; 0           ; 0             ; 0             ; 0             ; 1          ;
; p_s.idle       ; 0             ; 0            ; 0             ; 0            ; 0             ; 0              ; 0              ; 0             ; 1        ; 0             ; 0            ; 0             ; 0           ; 0             ; 0             ; 0             ; 1          ;
; p_s.write_act  ; 0             ; 0            ; 0             ; 0            ; 0             ; 0              ; 0              ; 1             ; 0        ; 0             ; 0            ; 0             ; 0           ; 0             ; 0             ; 0             ; 1          ;
; p_s.write_nop1 ; 0             ; 0            ; 0             ; 0            ; 0             ; 0              ; 1              ; 0             ; 0        ; 0             ; 0            ; 0             ; 0           ; 0             ; 0             ; 0             ; 1          ;
; p_s.write_nop2 ; 0             ; 0            ; 0             ; 0            ; 0             ; 1              ; 0              ; 0             ; 0        ; 0             ; 0            ; 0             ; 0           ; 0             ; 0             ; 0             ; 1          ;
; p_s.write_cas  ; 0             ; 0            ; 0             ; 0            ; 1             ; 0              ; 0              ; 0             ; 0        ; 0             ; 0            ; 0             ; 0           ; 0             ; 0             ; 0             ; 1          ;
; p_s.read_act   ; 0             ; 0            ; 0             ; 1            ; 0             ; 0              ; 0              ; 0             ; 0        ; 0             ; 0            ; 0             ; 0           ; 0             ; 0             ; 0             ; 1          ;
; p_s.read_nop1  ; 0             ; 0            ; 1             ; 0            ; 0             ; 0              ; 0              ; 0             ; 0        ; 0             ; 0            ; 0             ; 0           ; 0             ; 0             ; 0             ; 1          ;
; p_s.read_cas   ; 0             ; 1            ; 0             ; 0            ; 0             ; 0              ; 0              ; 0             ; 0        ; 0             ; 0            ; 0             ; 0           ; 0             ; 0             ; 0             ; 1          ;
; p_s.read_nop2  ; 1             ; 0            ; 0             ; 0            ; 0             ; 0              ; 0              ; 0             ; 0        ; 0             ; 0            ; 0             ; 0           ; 0             ; 0             ; 0             ; 1          ;
+----------------+---------------+--------------+---------------+--------------+---------------+----------------+----------------+---------------+----------+---------------+--------------+---------------+-------------+---------------+---------------+---------------+------------+


+----------------------------------------------------------------------------------------------------+
; User-Specified and Inferred Latches                                                                ;
+-----------------------------------------------------+---------------------+------------------------+
; Latch Name                                          ; Latch Enable Signal ; Free of Timing Hazards ;
+-----------------------------------------------------+---------------------+------------------------+
; command_nxt[5]                                      ; p_s.init_nop1       ; yes                    ;
; command_nxt[4]                                      ; p_s.init_nop1       ; yes                    ;
; command_nxt[3]                                      ; p_s.init_nop1       ; yes                    ;
; command_nxt[0]                                      ; p_s.init_nop1       ; yes                    ;
; cnt_ar[3]                                           ; Selector32          ; yes                    ;
; cnt_ar[2]                                           ; Selector32          ; yes                    ;
; cnt_ar[1]                                           ; Selector32          ; yes                    ;
; cnt_ar[0]                                           ; Selector32          ; yes                    ;
; cnt_state[0]                                        ; WideOr31            ; yes                    ;
; cnt_state_st                                        ; WideOr27            ; yes                    ;
; cnt_state[1]                                        ; WideOr31            ; yes                    ;
; cnt_state[2]                                        ; WideOr31            ; yes                    ;
; cnt_ar_st                                           ; Selector30          ; yes                    ;
; cnt_setup_st                                        ; WideOr2             ; yes                    ;
; Number of user-specified and inferred latches = 14  ;                     ;                        ;
+-----------------------------------------------------+---------------------+------------------------+
Note: All latches listed above may not be present at the end of synthesis due to various synthesis optimizations.


+---------------------------------------------------------------------------------+
; Registers Removed During Synthesis                                              ;
+----------------------------------------+----------------------------------------+
; Register name                          ; Reason for Removal                     ;
+----------------------------------------+----------------------------------------+
; command[7]                             ; Stuck at VCC due to stuck port data_in ;
; command[1,2,6]                         ; Stuck at GND due to stuck port data_in ;
; cmd_d.desl                             ; Lost fanout                            ;
; cmd_d.nop                              ; Lost fanout                            ;
; cmd_d.read1                            ; Lost fanout                            ;
; cmd_d.reada                            ; Lost fanout                            ;
; cmd_d.write1                           ; Lost fanout                            ;
; cmd_d.writea                           ; Lost fanout                            ;
; cmd_d.act                              ; Lost fanout                            ;
; cmd_d.pre                              ; Lost fanout                            ;
; cmd_d.pall                             ; Lost fanout                            ;
; cmd_d.ref                              ; Lost fanout                            ;
; cmd_d.self                             ; Lost fanout                            ;
; cmd_d.mrs                              ; Lost fanout                            ;
; cmd_d.idle1                            ; Lost fanout                            ;
; p_s.write_nop1                         ; Stuck at GND due to stuck port data_in ;
; p_s.write_cas                          ; Stuck at GND due to stuck port data_in ;
; p_s.write_nop2                         ; Stuck at GND due to stuck port data_in ;
; cnt_state_reg[3]                       ; Stuck at GND due to stuck port data_in ;
; Total Number of Removed Registers = 21 ;                                        ;
+----------------------------------------+----------------------------------------+


+-------------------------------------------------------------------------------------+
; Removed Registers Triggering Further Register Optimizations                         ;
+----------------+---------------------------+----------------------------------------+
; Register name  ; Reason for Removal        ; Registers Removed due to This Register ;
+----------------+---------------------------+----------------------------------------+
; p_s.write_nop1 ; Stuck at GND              ; cnt_state_reg[3]                       ;
;                ; due to stuck port data_in ;                                        ;
+----------------+---------------------------+----------------------------------------+


+------------------------------------------------------+
; General Register Statistics                          ;
+----------------------------------------------+-------+
; Statistic                                    ; Value ;
+----------------------------------------------+-------+
; Total registers                              ; 49    ;
; Number of registers using Synchronous Clear  ; 0     ;
; Number of registers using Synchronous Load   ; 16    ;
; Number of registers using Asynchronous Clear ; 14    ;
; Number of registers using Asynchronous Load  ; 0     ;
; Number of registers using Clock Enable       ; 19    ;
; Number of registers using Preset             ; 0     ;
+----------------------------------------------+-------+


+-----------------------------------------------------------------------------------------------------------------------------------------------------+
; Multiplexer Restructuring Statistics (Restructuring Performed)                                                                                      ;
+--------------------+-----------+---------------+----------------------+------------------------+------------+---------------------------------------+
; Multiplexer Inputs ; Bus Width ; Baseline Area ; Area if Restructured ; Saving if Restructured ; Registered ; Example Multiplexer Output            ;
+--------------------+-----------+---------------+----------------------+------------------------+------------+---------------------------------------+
; 3:1                ; 16 bits   ; 32 LEs        ; 16 LEs               ; 16 LEs                 ; Yes        ; |sdram_controller|cnt_setup_reg[6]    ;
; 3:1                ; 3 bits    ; 6 LEs         ; 3 LEs                ; 3 LEs                  ; Yes        ; |sdram_controller|cnt_state_reg[2]    ;
; 4:1                ; 2 bits    ; 4 LEs         ; 4 LEs                ; 0 LEs                  ; Yes        ; |sdram_controller|address_out[4]~reg0 ;
+--------------------+-----------+---------------+----------------------+------------------------+------------+---------------------------------------+


+-----------------------------------------------------+
; Post-Synthesis Netlist Statistics for Top Partition ;
+-----------------------+-----------------------------+
; Type                  ; Count                       ;
+-----------------------+-----------------------------+
; boundary_port         ; 99                          ;
; cycloneiii_ff         ; 49                          ;
;     CLR               ; 14                          ;
;     ENA               ; 3                           ;
;     ENA SLD           ; 16                          ;
;     plain             ; 16                          ;
; cycloneiii_io_obuf    ; 16                          ;
; cycloneiii_lcell_comb ; 93                          ;
;     arith             ; 15                          ;
;         2 data inputs ; 15                          ;
;     normal            ; 78                          ;
;         0 data inputs ; 2                           ;
;         1 data inputs ; 1                           ;
;         2 data inputs ; 9                           ;
;         3 data inputs ; 30                          ;
;         4 data inputs ; 36                          ;
;                       ;                             ;
; Max LUT depth         ; 4.00                        ;
; Average LUT depth     ; 1.84                        ;
+-----------------------+-----------------------------+


+-------------------------------+
; Elapsed Time Per Partition    ;
+----------------+--------------+
; Partition Name ; Elapsed Time ;
+----------------+--------------+
; Top            ; 00:00:01     ;
+----------------+--------------+


+-------------------------------+
; Analysis & Synthesis Messages ;
+-------------------------------+
Info: *******************************************************************
Info: Running Quartus Prime Analysis & Synthesis
    Info: Version 17.1.0 Build 590 10/25/2017 SJ Lite Edition
    Info: Processing started: Tue Apr 17 11:37:52 2018
Info: Command: quartus_map --read_settings_files=on --write_settings_files=off sdram_controller -c sdram_controller
Warning (18236): Number of processors has not been specified which may cause overloading on shared machines.  Set the global assignment NUM_PARALLEL_PROCESSORS in your QSF to an appropriate value for best performance.
Info (20030): Parallel compilation is enabled and will use 4 of the 4 processors detected
Info (12021): Found 2 design units, including 1 entities, in source file /home/vineesh/Desktop/705_project/sdram_controller_git/tbs/sdram_con_tb.vhd
    Info (12022): Found design unit 1: sdram_con_tb-sdram_con_tb_arc File: /home/vineesh/Desktop/705_project/sdram_controller_git/tbs/sdram_con_tb.vhd Line: 8
    Info (12023): Found entity 1: sdram_con_tb File: /home/vineesh/Desktop/705_project/sdram_controller_git/tbs/sdram_con_tb.vhd Line: 5
Info (12021): Found 2 design units, including 1 entities, in source file /home/vineesh/Desktop/705_project/sdram_controller_git/rtl/sdram_controller.vhd
    Info (12022): Found design unit 1: sdram_controller-sdram_controller_arc File: /home/vineesh/Desktop/705_project/sdram_controller_git/rtl/sdram_controller.vhd Line: 18
    Info (12023): Found entity 1: sdram_controller File: /home/vineesh/Desktop/705_project/sdram_controller_git/rtl/sdram_controller.vhd Line: 6
Info (12127): Elaborating entity "sdram_controller" for the top level hierarchy
Warning (10541): VHDL Signal Declaration warning at sdram_controller.vhd(10): used implicit default value for signal "clk_out" because signal was never assigned a value or an explicit default value. Use of implicit default value may introduce unintended design optimizations. File: /home/vineesh/Desktop/705_project/sdram_controller_git/rtl/sdram_controller.vhd Line: 10
Warning (10541): VHDL Signal Declaration warning at sdram_controller.vhd(10): used implicit default value for signal "dqm_l" because signal was never assigned a value or an explicit default value. Use of implicit default value may introduce unintended design optimizations. File: /home/vineesh/Desktop/705_project/sdram_controller_git/rtl/sdram_controller.vhd Line: 10
Warning (10541): VHDL Signal Declaration warning at sdram_controller.vhd(10): used implicit default value for signal "dqm_h" because signal was never assigned a value or an explicit default value. Use of implicit default value may introduce unintended design optimizations. File: /home/vineesh/Desktop/705_project/sdram_controller_git/rtl/sdram_controller.vhd Line: 10
Warning (10541): VHDL Signal Declaration warning at sdram_controller.vhd(13): used implicit default value for signal "data_out" because signal was never assigned a value or an explicit default value. Use of implicit default value may introduce unintended design optimizations. File: /home/vineesh/Desktop/705_project/sdram_controller_git/rtl/sdram_controller.vhd Line: 13
Warning (10036): Verilog HDL or VHDL warning at sdram_controller.vhd(30): object "busy" assigned a value but never read File: /home/vineesh/Desktop/705_project/sdram_controller_git/rtl/sdram_controller.vhd Line: 30
Warning (10492): VHDL Process Statement warning at sdram_controller.vhd(121): signal "p_s" is read inside the Process Statement but isn't in the Process Statement's sensitivity list File: /home/vineesh/Desktop/705_project/sdram_controller_git/rtl/sdram_controller.vhd Line: 121
Warning (10492): VHDL Process Statement warning at sdram_controller.vhd(122): signal "command" is read inside the Process Statement but isn't in the Process Statement's sensitivity list File: /home/vineesh/Desktop/705_project/sdram_controller_git/rtl/sdram_controller.vhd Line: 122
Warning (10492): VHDL Process Statement warning at sdram_controller.vhd(123): signal "cmd_d" is read inside the Process Statement but isn't in the Process Statement's sensitivity list File: /home/vineesh/Desktop/705_project/sdram_controller_git/rtl/sdram_controller.vhd Line: 123
Warning (10492): VHDL Process Statement warning at sdram_controller.vhd(138): signal "address" is read inside the Process Statement but isn't in the Process Statement's sensitivity list File: /home/vineesh/Desktop/705_project/sdram_controller_git/rtl/sdram_controller.vhd Line: 138
Warning (10492): VHDL Process Statement warning at sdram_controller.vhd(140): signal "address" is read inside the Process Statement but isn't in the Process Statement's sensitivity list File: /home/vineesh/Desktop/705_project/sdram_controller_git/rtl/sdram_controller.vhd Line: 140
Warning (10492): VHDL Process Statement warning at sdram_controller.vhd(142): signal "address" is read inside the Process Statement but isn't in the Process Statement's sensitivity list File: /home/vineesh/Desktop/705_project/sdram_controller_git/rtl/sdram_controller.vhd Line: 142
Warning (10492): VHDL Process Statement warning at sdram_controller.vhd(144): signal "address" is read inside the Process Statement but isn't in the Process Statement's sensitivity list File: /home/vineesh/Desktop/705_project/sdram_controller_git/rtl/sdram_controller.vhd Line: 144
Warning (10492): VHDL Process Statement warning at sdram_controller.vhd(204): signal "cnt_ar_st" is read inside the Process Statement but isn't in the Process Statement's sensitivity list File: /home/vineesh/Desktop/705_project/sdram_controller_git/rtl/sdram_controller.vhd Line: 204
Warning (10631): VHDL Process Statement warning at sdram_controller.vhd(158): inferring latch(es) for signal or variable "cnt_setup_st", which holds its previous value in one or more paths through the process File: /home/vineesh/Desktop/705_project/sdram_controller_git/rtl/sdram_controller.vhd Line: 158
Warning (10631): VHDL Process Statement warning at sdram_controller.vhd(158): inferring latch(es) for signal or variable "cnt_setup", which holds its previous value in one or more paths through the process File: /home/vineesh/Desktop/705_project/sdram_controller_git/rtl/sdram_controller.vhd Line: 158
Warning (10631): VHDL Process Statement warning at sdram_controller.vhd(158): inferring latch(es) for signal or variable "command_nxt", which holds its previous value in one or more paths through the process File: /home/vineesh/Desktop/705_project/sdram_controller_git/rtl/sdram_controller.vhd Line: 158
Warning (10631): VHDL Process Statement warning at sdram_controller.vhd(158): inferring latch(es) for signal or variable "cmd_d_nxt", which holds its previous value in one or more paths through the process File: /home/vineesh/Desktop/705_project/sdram_controller_git/rtl/sdram_controller.vhd Line: 158
Warning (10631): VHDL Process Statement warning at sdram_controller.vhd(158): inferring latch(es) for signal or variable "cnt_state_st", which holds its previous value in one or more paths through the process File: /home/vineesh/Desktop/705_project/sdram_controller_git/rtl/sdram_controller.vhd Line: 158
Warning (10631): VHDL Process Statement warning at sdram_controller.vhd(158): inferring latch(es) for signal or variable "cnt_state", which holds its previous value in one or more paths through the process File: /home/vineesh/Desktop/705_project/sdram_controller_git/rtl/sdram_controller.vhd Line: 158
Warning (10631): VHDL Process Statement warning at sdram_controller.vhd(158): inferring latch(es) for signal or variable "cnt_ar_st", which holds its previous value in one or more paths through the process File: /home/vineesh/Desktop/705_project/sdram_controller_git/rtl/sdram_controller.vhd Line: 158
Warning (10631): VHDL Process Statement warning at sdram_controller.vhd(158): inferring latch(es) for signal or variable "cnt_ar", which holds its previous value in one or more paths through the process File: /home/vineesh/Desktop/705_project/sdram_controller_git/rtl/sdram_controller.vhd Line: 158
Info (10041): Inferred latch for "cnt_ar[0]" at sdram_controller.vhd(158) File: /home/vineesh/Desktop/705_project/sdram_controller_git/rtl/sdram_controller.vhd Line: 158
Info (10041): Inferred latch for "cnt_ar[1]" at sdram_controller.vhd(158) File: /home/vineesh/Desktop/705_project/sdram_controller_git/rtl/sdram_controller.vhd Line: 158
Info (10041): Inferred latch for "cnt_ar[2]" at sdram_controller.vhd(158) File: /home/vineesh/Desktop/705_project/sdram_controller_git/rtl/sdram_controller.vhd Line: 158
Info (10041): Inferred latch for "cnt_ar[3]" at sdram_controller.vhd(158) File: /home/vineesh/Desktop/705_project/sdram_controller_git/rtl/sdram_controller.vhd Line: 158
Info (10041): Inferred latch for "cnt_ar_st" at sdram_controller.vhd(158) File: /home/vineesh/Desktop/705_project/sdram_controller_git/rtl/sdram_controller.vhd Line: 158
Info (10041): Inferred latch for "cnt_state[0]" at sdram_controller.vhd(158) File: /home/vineesh/Desktop/705_project/sdram_controller_git/rtl/sdram_controller.vhd Line: 158
Info (10041): Inferred latch for "cnt_state[1]" at sdram_controller.vhd(158) File: /home/vineesh/Desktop/705_project/sdram_controller_git/rtl/sdram_controller.vhd Line: 158
Info (10041): Inferred latch for "cnt_state[2]" at sdram_controller.vhd(158) File: /home/vineesh/Desktop/705_project/sdram_controller_git/rtl/sdram_controller.vhd Line: 158
Info (10041): Inferred latch for "cnt_state[3]" at sdram_controller.vhd(158) File: /home/vineesh/Desktop/705_project/sdram_controller_git/rtl/sdram_controller.vhd Line: 158
Info (10041): Inferred latch for "cnt_state_st" at sdram_controller.vhd(158) File: /home/vineesh/Desktop/705_project/sdram_controller_git/rtl/sdram_controller.vhd Line: 158
Info (10041): Inferred latch for "cmd_d_nxt.idle1" at sdram_controller.vhd(158) File: /home/vineesh/Desktop/705_project/sdram_controller_git/rtl/sdram_controller.vhd Line: 158
Info (10041): Inferred latch for "cmd_d_nxt.mrs" at sdram_controller.vhd(158) File: /home/vineesh/Desktop/705_project/sdram_controller_git/rtl/sdram_controller.vhd Line: 158
Info (10041): Inferred latch for "cmd_d_nxt.self" at sdram_controller.vhd(158) File: /home/vineesh/Desktop/705_project/sdram_controller_git/rtl/sdram_controller.vhd Line: 158
Info (10041): Inferred latch for "cmd_d_nxt.ref" at sdram_controller.vhd(158) File: /home/vineesh/Desktop/705_project/sdram_controller_git/rtl/sdram_controller.vhd Line: 158
Info (10041): Inferred latch for "cmd_d_nxt.pall" at sdram_controller.vhd(158) File: /home/vineesh/Desktop/705_project/sdram_controller_git/rtl/sdram_controller.vhd Line: 158
Info (10041): Inferred latch for "cmd_d_nxt.pre" at sdram_controller.vhd(158) File: /home/vineesh/Desktop/705_project/sdram_controller_git/rtl/sdram_controller.vhd Line: 158
Info (10041): Inferred latch for "cmd_d_nxt.act" at sdram_controller.vhd(158) File: /home/vineesh/Desktop/705_project/sdram_controller_git/rtl/sdram_controller.vhd Line: 158
Info (10041): Inferred latch for "cmd_d_nxt.writea" at sdram_controller.vhd(158) File: /home/vineesh/Desktop/705_project/sdram_controller_git/rtl/sdram_controller.vhd Line: 158
Info (10041): Inferred latch for "cmd_d_nxt.write1" at sdram_controller.vhd(158) File: /home/vineesh/Desktop/705_project/sdram_controller_git/rtl/sdram_controller.vhd Line: 158
Info (10041): Inferred latch for "cmd_d_nxt.reada" at sdram_controller.vhd(158) File: /home/vineesh/Desktop/705_project/sdram_controller_git/rtl/sdram_controller.vhd Line: 158
Info (10041): Inferred latch for "cmd_d_nxt.read1" at sdram_controller.vhd(158) File: /home/vineesh/Desktop/705_project/sdram_controller_git/rtl/sdram_controller.vhd Line: 158
Info (10041): Inferred latch for "cmd_d_nxt.nop" at sdram_controller.vhd(158) File: /home/vineesh/Desktop/705_project/sdram_controller_git/rtl/sdram_controller.vhd Line: 158
Info (10041): Inferred latch for "cmd_d_nxt.desl" at sdram_controller.vhd(158) File: /home/vineesh/Desktop/705_project/sdram_controller_git/rtl/sdram_controller.vhd Line: 158
Info (10041): Inferred latch for "command_nxt[0]" at sdram_controller.vhd(158) File: /home/vineesh/Desktop/705_project/sdram_controller_git/rtl/sdram_controller.vhd Line: 158
Info (10041): Inferred latch for "command_nxt[1]" at sdram_controller.vhd(158) File: /home/vineesh/Desktop/705_project/sdram_controller_git/rtl/sdram_controller.vhd Line: 158
Info (10041): Inferred latch for "command_nxt[2]" at sdram_controller.vhd(158) File: /home/vineesh/Desktop/705_project/sdram_controller_git/rtl/sdram_controller.vhd Line: 158
Info (10041): Inferred latch for "command_nxt[3]" at sdram_controller.vhd(158) File: /home/vineesh/Desktop/705_project/sdram_controller_git/rtl/sdram_controller.vhd Line: 158
Info (10041): Inferred latch for "command_nxt[4]" at sdram_controller.vhd(158) File: /home/vineesh/Desktop/705_project/sdram_controller_git/rtl/sdram_controller.vhd Line: 158
Info (10041): Inferred latch for "command_nxt[5]" at sdram_controller.vhd(158) File: /home/vineesh/Desktop/705_project/sdram_controller_git/rtl/sdram_controller.vhd Line: 158
Info (10041): Inferred latch for "command_nxt[6]" at sdram_controller.vhd(158) File: /home/vineesh/Desktop/705_project/sdram_controller_git/rtl/sdram_controller.vhd Line: 158
Info (10041): Inferred latch for "command_nxt[7]" at sdram_controller.vhd(158) File: /home/vineesh/Desktop/705_project/sdram_controller_git/rtl/sdram_controller.vhd Line: 158
Info (10041): Inferred latch for "cnt_setup[0]" at sdram_controller.vhd(158) File: /home/vineesh/Desktop/705_project/sdram_controller_git/rtl/sdram_controller.vhd Line: 158
Info (10041): Inferred latch for "cnt_setup[1]" at sdram_controller.vhd(158) File: /home/vineesh/Desktop/705_project/sdram_controller_git/rtl/sdram_controller.vhd Line: 158
Info (10041): Inferred latch for "cnt_setup[2]" at sdram_controller.vhd(158) File: /home/vineesh/Desktop/705_project/sdram_controller_git/rtl/sdram_controller.vhd Line: 158
Info (10041): Inferred latch for "cnt_setup[3]" at sdram_controller.vhd(158) File: /home/vineesh/Desktop/705_project/sdram_controller_git/rtl/sdram_controller.vhd Line: 158
Info (10041): Inferred latch for "cnt_setup[4]" at sdram_controller.vhd(158) File: /home/vineesh/Desktop/705_project/sdram_controller_git/rtl/sdram_controller.vhd Line: 158
Info (10041): Inferred latch for "cnt_setup[5]" at sdram_controller.vhd(158) File: /home/vineesh/Desktop/705_project/sdram_controller_git/rtl/sdram_controller.vhd Line: 158
Info (10041): Inferred latch for "cnt_setup[6]" at sdram_controller.vhd(158) File: /home/vineesh/Desktop/705_project/sdram_controller_git/rtl/sdram_controller.vhd Line: 158
Info (10041): Inferred latch for "cnt_setup[7]" at sdram_controller.vhd(158) File: /home/vineesh/Desktop/705_project/sdram_controller_git/rtl/sdram_controller.vhd Line: 158
Info (10041): Inferred latch for "cnt_setup[8]" at sdram_controller.vhd(158) File: /home/vineesh/Desktop/705_project/sdram_controller_git/rtl/sdram_controller.vhd Line: 158
Info (10041): Inferred latch for "cnt_setup[9]" at sdram_controller.vhd(158) File: /home/vineesh/Desktop/705_project/sdram_controller_git/rtl/sdram_controller.vhd Line: 158
Info (10041): Inferred latch for "cnt_setup[10]" at sdram_controller.vhd(158) File: /home/vineesh/Desktop/705_project/sdram_controller_git/rtl/sdram_controller.vhd Line: 158
Info (10041): Inferred latch for "cnt_setup[11]" at sdram_controller.vhd(158) File: /home/vineesh/Desktop/705_project/sdram_controller_git/rtl/sdram_controller.vhd Line: 158
Info (10041): Inferred latch for "cnt_setup[12]" at sdram_controller.vhd(158) File: /home/vineesh/Desktop/705_project/sdram_controller_git/rtl/sdram_controller.vhd Line: 158
Info (10041): Inferred latch for "cnt_setup[13]" at sdram_controller.vhd(158) File: /home/vineesh/Desktop/705_project/sdram_controller_git/rtl/sdram_controller.vhd Line: 158
Info (10041): Inferred latch for "cnt_setup[14]" at sdram_controller.vhd(158) File: /home/vineesh/Desktop/705_project/sdram_controller_git/rtl/sdram_controller.vhd Line: 158
Info (10041): Inferred latch for "cnt_setup[15]" at sdram_controller.vhd(158) File: /home/vineesh/Desktop/705_project/sdram_controller_git/rtl/sdram_controller.vhd Line: 158
Info (10041): Inferred latch for "cnt_setup_st" at sdram_controller.vhd(158) File: /home/vineesh/Desktop/705_project/sdram_controller_git/rtl/sdram_controller.vhd Line: 158
Warning (13039): The following bidirectional pins have no drivers
    Warning (13040): bidirectional pin "data_in_out[0]" has no driver File: /home/vineesh/Desktop/705_project/sdram_controller_git/rtl/sdram_controller.vhd Line: 14
    Warning (13040): bidirectional pin "data_in_out[1]" has no driver File: /home/vineesh/Desktop/705_project/sdram_controller_git/rtl/sdram_controller.vhd Line: 14
    Warning (13040): bidirectional pin "data_in_out[2]" has no driver File: /home/vineesh/Desktop/705_project/sdram_controller_git/rtl/sdram_controller.vhd Line: 14
    Warning (13040): bidirectional pin "data_in_out[3]" has no driver File: /home/vineesh/Desktop/705_project/sdram_controller_git/rtl/sdram_controller.vhd Line: 14
    Warning (13040): bidirectional pin "data_in_out[4]" has no driver File: /home/vineesh/Desktop/705_project/sdram_controller_git/rtl/sdram_controller.vhd Line: 14
    Warning (13040): bidirectional pin "data_in_out[5]" has no driver File: /home/vineesh/Desktop/705_project/sdram_controller_git/rtl/sdram_controller.vhd Line: 14
    Warning (13040): bidirectional pin "data_in_out[6]" has no driver File: /home/vineesh/Desktop/705_project/sdram_controller_git/rtl/sdram_controller.vhd Line: 14
    Warning (13040): bidirectional pin "data_in_out[7]" has no driver File: /home/vineesh/Desktop/705_project/sdram_controller_git/rtl/sdram_controller.vhd Line: 14
    Warning (13040): bidirectional pin "data_in_out[8]" has no driver File: /home/vineesh/Desktop/705_project/sdram_controller_git/rtl/sdram_controller.vhd Line: 14
    Warning (13040): bidirectional pin "data_in_out[9]" has no driver File: /home/vineesh/Desktop/705_project/sdram_controller_git/rtl/sdram_controller.vhd Line: 14
    Warning (13040): bidirectional pin "data_in_out[10]" has no driver File: /home/vineesh/Desktop/705_project/sdram_controller_git/rtl/sdram_controller.vhd Line: 14
    Warning (13040): bidirectional pin "data_in_out[11]" has no driver File: /home/vineesh/Desktop/705_project/sdram_controller_git/rtl/sdram_controller.vhd Line: 14
    Warning (13040): bidirectional pin "data_in_out[12]" has no driver File: /home/vineesh/Desktop/705_project/sdram_controller_git/rtl/sdram_controller.vhd Line: 14
    Warning (13040): bidirectional pin "data_in_out[13]" has no driver File: /home/vineesh/Desktop/705_project/sdram_controller_git/rtl/sdram_controller.vhd Line: 14
    Warning (13040): bidirectional pin "data_in_out[14]" has no driver File: /home/vineesh/Desktop/705_project/sdram_controller_git/rtl/sdram_controller.vhd Line: 14
    Warning (13040): bidirectional pin "data_in_out[15]" has no driver File: /home/vineesh/Desktop/705_project/sdram_controller_git/rtl/sdram_controller.vhd Line: 14
Warning (13012): Latch cnt_ar[3] has unsafe behavior File: /home/vineesh/Desktop/705_project/sdram_controller_git/rtl/sdram_controller.vhd Line: 158
    Warning (13013): Ports D and ENA on the latch are fed by the same signal p_s.init_ar File: /home/vineesh/Desktop/705_project/sdram_controller_git/rtl/sdram_controller.vhd Line: 22
Warning (13012): Latch cnt_ar[2] has unsafe behavior File: /home/vineesh/Desktop/705_project/sdram_controller_git/rtl/sdram_controller.vhd Line: 158
    Warning (13013): Ports D and ENA on the latch are fed by the same signal p_s.init_ar File: /home/vineesh/Desktop/705_project/sdram_controller_git/rtl/sdram_controller.vhd Line: 22
Warning (13012): Latch cnt_ar[1] has unsafe behavior File: /home/vineesh/Desktop/705_project/sdram_controller_git/rtl/sdram_controller.vhd Line: 158
    Warning (13013): Ports D and ENA on the latch are fed by the same signal p_s.init_ar File: /home/vineesh/Desktop/705_project/sdram_controller_git/rtl/sdram_controller.vhd Line: 22
Warning (13012): Latch cnt_ar[0] has unsafe behavior File: /home/vineesh/Desktop/705_project/sdram_controller_git/rtl/sdram_controller.vhd Line: 158
    Warning (13013): Ports D and ENA on the latch are fed by the same signal p_s.init_ar File: /home/vineesh/Desktop/705_project/sdram_controller_git/rtl/sdram_controller.vhd Line: 22
Warning (13012): Latch cnt_state[0] has unsafe behavior File: /home/vineesh/Desktop/705_project/sdram_controller_git/rtl/sdram_controller.vhd Line: 158
    Warning (13013): Ports D and ENA on the latch are fed by the same signal p_s.init_ar File: /home/vineesh/Desktop/705_project/sdram_controller_git/rtl/sdram_controller.vhd Line: 22
Warning (13012): Latch cnt_state[1] has unsafe behavior File: /home/vineesh/Desktop/705_project/sdram_controller_git/rtl/sdram_controller.vhd Line: 158
    Warning (13013): Ports D and ENA on the latch are fed by the same signal p_s.init_ar File: /home/vineesh/Desktop/705_project/sdram_controller_git/rtl/sdram_controller.vhd Line: 22
Warning (13012): Latch cnt_state[2] has unsafe behavior File: /home/vineesh/Desktop/705_project/sdram_controller_git/rtl/sdram_controller.vhd Line: 158
    Warning (13013): Ports D and ENA on the latch are fed by the same signal p_s.init_ar File: /home/vineesh/Desktop/705_project/sdram_controller_git/rtl/sdram_controller.vhd Line: 22
Warning (13012): Latch cnt_ar_st has unsafe behavior File: /home/vineesh/Desktop/705_project/sdram_controller_git/rtl/sdram_controller.vhd Line: 25
    Warning (13013): Ports D and ENA on the latch are fed by the same signal p_s.init_nop3 File: /home/vineesh/Desktop/705_project/sdram_controller_git/rtl/sdram_controller.vhd Line: 22
Warning (13012): Latch cnt_setup_st has unsafe behavior File: /home/vineesh/Desktop/705_project/sdram_controller_git/rtl/sdram_controller.vhd Line: 25
    Warning (13013): Ports D and ENA on the latch are fed by the same signal p_s.init_nop1 File: /home/vineesh/Desktop/705_project/sdram_controller_git/rtl/sdram_controller.vhd Line: 22
Warning (13024): Output pins are stuck at VCC or GND
    Warning (13410): Pin "clk_out" is stuck at GND File: /home/vineesh/Desktop/705_project/sdram_controller_git/rtl/sdram_controller.vhd Line: 10
    Warning (13410): Pin "cke" is stuck at VCC File: /home/vineesh/Desktop/705_project/sdram_controller_git/rtl/sdram_controller.vhd Line: 10
    Warning (13410): Pin "cs_b" is stuck at GND File: /home/vineesh/Desktop/705_project/sdram_controller_git/rtl/sdram_controller.vhd Line: 10
    Warning (13410): Pin "ba_0" is stuck at GND File: /home/vineesh/Desktop/705_project/sdram_controller_git/rtl/sdram_controller.vhd Line: 10
    Warning (13410): Pin "ba_1" is stuck at GND File: /home/vineesh/Desktop/705_project/sdram_controller_git/rtl/sdram_controller.vhd Line: 10
    Warning (13410): Pin "dqm_l" is stuck at GND File: /home/vineesh/Desktop/705_project/sdram_controller_git/rtl/sdram_controller.vhd Line: 10
    Warning (13410): Pin "dqm_h" is stuck at GND File: /home/vineesh/Desktop/705_project/sdram_controller_git/rtl/sdram_controller.vhd Line: 10
    Warning (13410): Pin "data_out[0]" is stuck at GND File: /home/vineesh/Desktop/705_project/sdram_controller_git/rtl/sdram_controller.vhd Line: 13
    Warning (13410): Pin "data_out[1]" is stuck at GND File: /home/vineesh/Desktop/705_project/sdram_controller_git/rtl/sdram_controller.vhd Line: 13
    Warning (13410): Pin "data_out[2]" is stuck at GND File: /home/vineesh/Desktop/705_project/sdram_controller_git/rtl/sdram_controller.vhd Line: 13
    Warning (13410): Pin "data_out[3]" is stuck at GND File: /home/vineesh/Desktop/705_project/sdram_controller_git/rtl/sdram_controller.vhd Line: 13
    Warning (13410): Pin "data_out[4]" is stuck at GND File: /home/vineesh/Desktop/705_project/sdram_controller_git/rtl/sdram_controller.vhd Line: 13
    Warning (13410): Pin "data_out[5]" is stuck at GND File: /home/vineesh/Desktop/705_project/sdram_controller_git/rtl/sdram_controller.vhd Line: 13
    Warning (13410): Pin "data_out[6]" is stuck at GND File: /home/vineesh/Desktop/705_project/sdram_controller_git/rtl/sdram_controller.vhd Line: 13
    Warning (13410): Pin "data_out[7]" is stuck at GND File: /home/vineesh/Desktop/705_project/sdram_controller_git/rtl/sdram_controller.vhd Line: 13
    Warning (13410): Pin "data_out[8]" is stuck at GND File: /home/vineesh/Desktop/705_project/sdram_controller_git/rtl/sdram_controller.vhd Line: 13
    Warning (13410): Pin "data_out[9]" is stuck at GND File: /home/vineesh/Desktop/705_project/sdram_controller_git/rtl/sdram_controller.vhd Line: 13
    Warning (13410): Pin "data_out[10]" is stuck at GND File: /home/vineesh/Desktop/705_project/sdram_controller_git/rtl/sdram_controller.vhd Line: 13
    Warning (13410): Pin "data_out[11]" is stuck at GND File: /home/vineesh/Desktop/705_project/sdram_controller_git/rtl/sdram_controller.vhd Line: 13
    Warning (13410): Pin "data_out[12]" is stuck at GND File: /home/vineesh/Desktop/705_project/sdram_controller_git/rtl/sdram_controller.vhd Line: 13
    Warning (13410): Pin "data_out[13]" is stuck at GND File: /home/vineesh/Desktop/705_project/sdram_controller_git/rtl/sdram_controller.vhd Line: 13
    Warning (13410): Pin "data_out[14]" is stuck at GND File: /home/vineesh/Desktop/705_project/sdram_controller_git/rtl/sdram_controller.vhd Line: 13
    Warning (13410): Pin "data_out[15]" is stuck at GND File: /home/vineesh/Desktop/705_project/sdram_controller_git/rtl/sdram_controller.vhd Line: 13
Info (286030): Timing-Driven Synthesis is running
Info (17049): 13 registers lost all their fanouts during netlist optimizations.
Info (16010): Generating hard_block partition "hard_block:auto_generated_inst"
    Info (16011): Adding 0 node(s), including 0 DDIO, 0 PLL, 0 transceiver and 0 LCELL
Warning (21074): Design contains 18 input pin(s) that do not drive logic
    Warning (15610): No output dependent on input pin "address[22]" File: /home/vineesh/Desktop/705_project/sdram_controller_git/rtl/sdram_controller.vhd Line: 9
    Warning (15610): No output dependent on input pin "address[23]" File: /home/vineesh/Desktop/705_project/sdram_controller_git/rtl/sdram_controller.vhd Line: 9
    Warning (15610): No output dependent on input pin "data_in[0]" File: /home/vineesh/Desktop/705_project/sdram_controller_git/rtl/sdram_controller.vhd Line: 12
    Warning (15610): No output dependent on input pin "data_in[1]" File: /home/vineesh/Desktop/705_project/sdram_controller_git/rtl/sdram_controller.vhd Line: 12
    Warning (15610): No output dependent on input pin "data_in[2]" File: /home/vineesh/Desktop/705_project/sdram_controller_git/rtl/sdram_controller.vhd Line: 12
    Warning (15610): No output dependent on input pin "data_in[3]" File: /home/vineesh/Desktop/705_project/sdram_controller_git/rtl/sdram_controller.vhd Line: 12
    Warning (15610): No output dependent on input pin "data_in[4]" File: /home/vineesh/Desktop/705_project/sdram_controller_git/rtl/sdram_controller.vhd Line: 12
    Warning (15610): No output dependent on input pin "data_in[5]" File: /home/vineesh/Desktop/705_project/sdram_controller_git/rtl/sdram_controller.vhd Line: 12
    Warning (15610): No output dependent on input pin "data_in[6]" File: /home/vineesh/Desktop/705_project/sdram_controller_git/rtl/sdram_controller.vhd Line: 12
    Warning (15610): No output dependent on input pin "data_in[7]" File: /home/vineesh/Desktop/705_project/sdram_controller_git/rtl/sdram_controller.vhd Line: 12
    Warning (15610): No output dependent on input pin "data_in[8]" File: /home/vineesh/Desktop/705_project/sdram_controller_git/rtl/sdram_controller.vhd Line: 12
    Warning (15610): No output dependent on input pin "data_in[9]" File: /home/vineesh/Desktop/705_project/sdram_controller_git/rtl/sdram_controller.vhd Line: 12
    Warning (15610): No output dependent on input pin "data_in[10]" File: /home/vineesh/Desktop/705_project/sdram_controller_git/rtl/sdram_controller.vhd Line: 12
    Warning (15610): No output dependent on input pin "data_in[11]" File: /home/vineesh/Desktop/705_project/sdram_controller_git/rtl/sdram_controller.vhd Line: 12
    Warning (15610): No output dependent on input pin "data_in[12]" File: /home/vineesh/Desktop/705_project/sdram_controller_git/rtl/sdram_controller.vhd Line: 12
    Warning (15610): No output dependent on input pin "data_in[13]" File: /home/vineesh/Desktop/705_project/sdram_controller_git/rtl/sdram_controller.vhd Line: 12
    Warning (15610): No output dependent on input pin "data_in[14]" File: /home/vineesh/Desktop/705_project/sdram_controller_git/rtl/sdram_controller.vhd Line: 12
    Warning (15610): No output dependent on input pin "data_in[15]" File: /home/vineesh/Desktop/705_project/sdram_controller_git/rtl/sdram_controller.vhd Line: 12
Info (21057): Implemented 195 device resources after synthesis - the final resource count might be different
    Info (21058): Implemented 44 input pins
    Info (21059): Implemented 39 output pins
    Info (21060): Implemented 16 bidirectional pins
    Info (21061): Implemented 96 logic cells
Info: Quartus Prime Analysis & Synthesis was successful. 0 errors, 100 warnings
    Info: Peak virtual memory: 1017 megabytes
    Info: Processing ended: Tue Apr 17 11:38:09 2018
    Info: Elapsed time: 00:00:17
    Info: Total CPU time (on all processors): 00:00:44


